// Jest Snapshot v1, https://goo.gl/fbAQLP

exports[`test Input should match snapshot 1`] = `
<div>
  <label />
  <input
    class="border-[1px] rounded-md border-gray-600 p-2 bg-transparent"
    type="text"
  />
</div>
`;
